// Jest Snapshot v1, https://goo.gl/fbAQLP

exports[`renders correctly address input 1`] = `ShallowWrapper {}`;
